[debug] [2026-06-23T15:40:24.907Z] ----------------------------------------------------------------------
[debug] [2026-06-23T15:40:24.910Z] Command:       C:\Program Files\nodejs\node.exe C:\Users\mahes\AppData\Roaming\npm\node_modules\firebase-tools\lib\bin\firebase.js deploy
[debug] [2026-06-23T15:40:24.910Z] CLI Version:   15.22.1
[debug] [2026-06-23T15:40:24.910Z] Platform:      win32
[debug] [2026-06-23T15:40:24.910Z] Node Version:  v24.11.1
[debug] [2026-06-23T15:40:24.910Z] Detected Agent: antigravity
[debug] [2026-06-23T15:40:24.910Z] Time:          Tue Jun 23 2026 21:10:24 GMT+0530 (India Standard Time)
[debug] [2026-06-23T15:40:24.911Z] ----------------------------------------------------------------------
[debug] 
[debug] [2026-06-23T15:40:26.923Z] > command requires scopes: ["email","openid","https://www.googleapis.com/auth/cloudplatformprojects.readonly","https://www.googleapis.com/auth/firebase","https://www.googleapis.com/auth/cloud-platform"]
[debug] [2026-06-23T15:40:26.923Z] > authorizing via signed-in user (mahipatil9696k@gmail.com)
[debug] [2026-06-23T15:40:26.923Z] [iam] checking project smart-product-comparison for permissions ["firebase.projects.get","firebasehosting.sites.update"]
[debug] [2026-06-23T15:40:26.925Z] Checked if tokens are valid: false, expires at: 1782229504118
[debug] [2026-06-23T15:40:26.925Z] Checked if tokens are valid: false, expires at: 1782229504118
[debug] [2026-06-23T15:40:26.925Z] > refreshing access token with scopes: []
[debug] [2026-06-23T15:40:26.927Z] >>> [apiv2][query] POST https://www.googleapis.com/oauth2/v3/token [none]
[debug] [2026-06-23T15:40:26.927Z] >>> [apiv2][body] POST https://www.googleapis.com/oauth2/v3/token [omitted]
[debug] [2026-06-23T15:40:28.962Z] <<< [apiv2][status] POST https://www.googleapis.com/oauth2/v3/token 200
[debug] [2026-06-23T15:40:28.962Z] <<< [apiv2][body] POST https://www.googleapis.com/oauth2/v3/token [omitted]
[debug] [2026-06-23T15:40:28.985Z] >>> [apiv2][query] POST https://cloudresourcemanager.googleapis.com/v1/projects/smart-product-comparison:testIamPermissions [none]
[debug] [2026-06-23T15:40:28.985Z] >>> [apiv2][(partial)header] POST https://cloudresourcemanager.googleapis.com/v1/projects/smart-product-comparison:testIamPermissions  x-goog-user-project=smart-product-comparison
[debug] [2026-06-23T15:40:28.985Z] >>> [apiv2][body] POST https://cloudresourcemanager.googleapis.com/v1/projects/smart-product-comparison:testIamPermissions {"permissions":["firebase.projects.get","firebasehosting.sites.update"]}
[debug] [2026-06-23T15:40:30.726Z] <<< [apiv2][status] POST https://cloudresourcemanager.googleapis.com/v1/projects/smart-product-comparison:testIamPermissions 200
[debug] [2026-06-23T15:40:30.727Z] <<< [apiv2][body] POST https://cloudresourcemanager.googleapis.com/v1/projects/smart-product-comparison:testIamPermissions {"permissions":["firebase.projects.get","firebasehosting.sites.update"]}
[debug] [2026-06-23T15:40:30.728Z] Checked if tokens are valid: true, expires at: 1782232827963
[debug] [2026-06-23T15:40:30.728Z] Checked if tokens are valid: true, expires at: 1782232827963
[debug] [2026-06-23T15:40:30.728Z] >>> [apiv2][query] GET https://firebase.googleapis.com/v1beta1/projects/smart-product-comparison [none]
[debug] [2026-06-23T15:40:31.729Z] <<< [apiv2][status] GET https://firebase.googleapis.com/v1beta1/projects/smart-product-comparison 200
[debug] [2026-06-23T15:40:31.729Z] <<< [apiv2][body] GET https://firebase.googleapis.com/v1beta1/projects/smart-product-comparison {"projectId":"smart-product-comparison","projectNumber":"6578035564","displayName":"Smart product comparison","name":"projects/smart-product-comparison","resources":{"hostingSite":"smart-product-comparison"},"state":"ACTIVE","etag":"1_40038fc4-f00e-4db8-9f7f-4b0efabd6895"}
[info] 
[info] === Deploying to 'smart-product-comparison'...
[info] 
[info] i  deploying hosting 
[debug] [2026-06-23T15:40:31.734Z] Checked if tokens are valid: true, expires at: 1782232827963
[debug] [2026-06-23T15:40:31.734Z] Checked if tokens are valid: true, expires at: 1782232827963
[debug] [2026-06-23T15:40:31.734Z] >>> [apiv2][query] GET https://firebasehosting.googleapis.com/v1beta1/projects/smart-product-comparison/sites/smart-product-comparison [none]
[debug] [2026-06-23T15:40:33.335Z] <<< [apiv2][status] GET https://firebasehosting.googleapis.com/v1beta1/projects/smart-product-comparison/sites/smart-product-comparison 200
[debug] [2026-06-23T15:40:33.335Z] <<< [apiv2][body] GET https://firebasehosting.googleapis.com/v1beta1/projects/smart-product-comparison/sites/smart-product-comparison {"name":"projects/smart-product-comparison/sites/smart-product-comparison","defaultUrl":"https://smart-product-comparison.web.app","type":"DEFAULT_SITE"}
[debug] [2026-06-23T15:40:33.342Z] Checked if tokens are valid: true, expires at: 1782232827963
[debug] [2026-06-23T15:40:33.343Z] Checked if tokens are valid: true, expires at: 1782232827963
[debug] [2026-06-23T15:40:33.343Z] >>> [apiv2][query] POST https://firebasehosting.googleapis.com/v1beta1/projects/-/sites/smart-product-comparison/versions [none]
[debug] [2026-06-23T15:40:33.343Z] >>> [apiv2][body] POST https://firebasehosting.googleapis.com/v1beta1/projects/-/sites/smart-product-comparison/versions {"status":"CREATED","labels":{"deployment-tool":"cli-firebase"}}
[debug] [2026-06-23T15:40:36.227Z] <<< [apiv2][status] POST https://firebasehosting.googleapis.com/v1beta1/projects/-/sites/smart-product-comparison/versions 200
[debug] [2026-06-23T15:40:36.227Z] <<< [apiv2][body] POST https://firebasehosting.googleapis.com/v1beta1/projects/-/sites/smart-product-comparison/versions {"name":"projects/6578035564/sites/smart-product-comparison/versions/ca62ec515c8dc530","status":"CREATED","config":{},"labels":{"deployment-tool":"cli-firebase"}}
[info] i  hosting[smart-product-comparison]: beginning deploy... 
[info] i  hosting[smart-product-comparison]: found 3 files in dist 
[debug] [2026-06-23T15:40:36.665Z] [hosting] uploading with 200 concurrency
[debug] [2026-06-23T15:40:36.699Z] Checked if tokens are valid: true, expires at: 1782232827963
[debug] [2026-06-23T15:40:36.699Z] Checked if tokens are valid: true, expires at: 1782232827963
[debug] [2026-06-23T15:40:36.701Z] [hosting] hash cache [ZGlzdA] stored for 3 files
[debug] [2026-06-23T15:40:36.701Z] [hosting][hash queue][FINAL] {"max":24,"min":8,"avg":14.333333333333334,"active":0,"complete":3,"success":3,"errored":0,"retried":0,"total":3,"elapsed":30}
[debug] [2026-06-23T15:40:36.701Z] >>> [apiv2][query] POST https://firebasehosting.googleapis.com/v1beta1/projects/6578035564/sites/smart-product-comparison/versions/ca62ec515c8dc530:populateFiles [none]
[debug] [2026-06-23T15:40:36.701Z] >>> [apiv2][body] POST https://firebasehosting.googleapis.com/v1beta1/projects/6578035564/sites/smart-product-comparison/versions/ca62ec515c8dc530:populateFiles {"files":{"/index.html":"c144d8234342188af13ab3139161170e0b60b86e7ba1d7b58018cacfad2a2003","/assets/index-BpJpFJbF.css":"715334e4a1d3f98dee800b77baa50f1cb78046e98d467323c8d478bd3f291412","/assets/index-Pz0epsyR.js":"a5f721f8c60f271b701d9eead83e3ea4216e1cb92b0300f0ffe336210068e6b0"}}
[info] i  hosting: adding files to version [0/3] (0%) 
[debug] [2026-06-23T15:40:39.108Z] <<< [apiv2][status] POST https://firebasehosting.googleapis.com/v1beta1/projects/6578035564/sites/smart-product-comparison/versions/ca62ec515c8dc530:populateFiles 200
[debug] [2026-06-23T15:40:39.109Z] <<< [apiv2][body] POST https://firebasehosting.googleapis.com/v1beta1/projects/6578035564/sites/smart-product-comparison/versions/ca62ec515c8dc530:populateFiles {"uploadRequiredHashes":["c144d8234342188af13ab3139161170e0b60b86e7ba1d7b58018cacfad2a2003","a5f721f8c60f271b701d9eead83e3ea4216e1cb92b0300f0ffe336210068e6b0"],"uploadUrl":"https://upload-firebasehosting.googleapis.com/upload/sites/smart-product-comparison/versions/ca62ec515c8dc530/files"}
[debug] [2026-06-23T15:40:39.110Z] Checked if tokens are valid: true, expires at: 1782232827963
[debug] [2026-06-23T15:40:39.110Z] Checked if tokens are valid: true, expires at: 1782232827963
[debug] [2026-06-23T15:40:39.110Z] Checked if tokens are valid: true, expires at: 1782232827963
[debug] [2026-06-23T15:40:39.110Z] Checked if tokens are valid: true, expires at: 1782232827963
[debug] [2026-06-23T15:40:39.110Z] >>> [apiv2][query] POST https://upload-firebasehosting.googleapis.com/upload/sites/smart-product-comparison/versions/ca62ec515c8dc530/files/c144d8234342188af13ab3139161170e0b60b86e7ba1d7b58018cacfad2a2003 [none]
[debug] [2026-06-23T15:40:39.110Z] >>> [apiv2][body] POST https://upload-firebasehosting.googleapis.com/upload/sites/smart-product-comparison/versions/ca62ec515c8dc530/files/c144d8234342188af13ab3139161170e0b60b86e7ba1d7b58018cacfad2a2003 [stream]
[debug] [2026-06-23T15:40:39.112Z] >>> [apiv2][query] POST https://upload-firebasehosting.googleapis.com/upload/sites/smart-product-comparison/versions/ca62ec515c8dc530/files/a5f721f8c60f271b701d9eead83e3ea4216e1cb92b0300f0ffe336210068e6b0 [none]
[debug] [2026-06-23T15:40:39.112Z] >>> [apiv2][body] POST https://upload-firebasehosting.googleapis.com/upload/sites/smart-product-comparison/versions/ca62ec515c8dc530/files/a5f721f8c60f271b701d9eead83e3ea4216e1cb92b0300f0ffe336210068e6b0 [stream]
[debug] [2026-06-23T15:40:39.114Z] [hosting][populate queue][FINAL] {"max":2411,"min":2411,"avg":2411,"active":0,"complete":1,"success":1,"errored":0,"retried":0,"total":1,"elapsed":2415}
[debug] [2026-06-23T15:40:39.114Z] [hosting] uploads queued: 2
[info] i  hosting: uploading new files [0/2] (0%) 
[info] i  hosting: uploading new files [0/2] (0%) 
[info] i  hosting: uploading new files [0/2] (0%) 
[info] i  hosting: uploading new files [0/2] (0%) 
[debug] [2026-06-23T15:40:46.821Z] <<< [apiv2][status] POST https://upload-firebasehosting.googleapis.com/upload/sites/smart-product-comparison/versions/ca62ec515c8dc530/files/c144d8234342188af13ab3139161170e0b60b86e7ba1d7b58018cacfad2a2003 200
[debug] [2026-06-23T15:40:46.821Z] <<< [apiv2][body] POST https://upload-firebasehosting.googleapis.com/upload/sites/smart-product-comparison/versions/ca62ec515c8dc530/files/c144d8234342188af13ab3139161170e0b60b86e7ba1d7b58018cacfad2a2003 [stream]
[debug] [2026-06-23T15:40:47.959Z] <<< [apiv2][status] POST https://upload-firebasehosting.googleapis.com/upload/sites/smart-product-comparison/versions/ca62ec515c8dc530/files/a5f721f8c60f271b701d9eead83e3ea4216e1cb92b0300f0ffe336210068e6b0 200
[debug] [2026-06-23T15:40:47.960Z] <<< [apiv2][body] POST https://upload-firebasehosting.googleapis.com/upload/sites/smart-product-comparison/versions/ca62ec515c8dc530/files/a5f721f8c60f271b701d9eead83e3ea4216e1cb92b0300f0ffe336210068e6b0 [stream]
[debug] [2026-06-23T15:40:47.960Z] [hosting][upload queue][FINAL] {"max":8850,"min":7712,"avg":8281,"active":0,"complete":2,"success":2,"errored":0,"retried":0,"total":2,"elapsed":8851}
[info] i  hosting: upload complete 
[info] +  hosting[smart-product-comparison]: file upload complete 
[debug] [2026-06-23T15:40:47.961Z] [hosting] deploy completed after 11327ms
[debug] [2026-06-23T15:40:47.961Z] [
  {
    "config": {
      "public": "dist",
      "ignore": [
        "firebase.json",
        "**/.*",
        "**/node_modules/**"
      ],
      "rewrites": [
        {
          "source": "**",
          "destination": "/index.html"
        }
      ],
      "site": "smart-product-comparison"
    },
    "version": "projects/6578035564/sites/smart-product-comparison/versions/ca62ec515c8dc530"
  }
]
[info] i  hosting[smart-product-comparison]: finalizing version... 
[debug] [2026-06-23T15:40:47.964Z] Checked if tokens are valid: true, expires at: 1782232827963
[debug] [2026-06-23T15:40:47.964Z] Checked if tokens are valid: true, expires at: 1782232827963
[debug] [2026-06-23T15:40:47.965Z] >>> [apiv2][query] PATCH https://firebasehosting.googleapis.com/v1beta1/projects/-/sites/smart-product-comparison/versions/ca62ec515c8dc530 updateMask=status%2Cconfig
[debug] [2026-06-23T15:40:47.965Z] >>> [apiv2][body] PATCH https://firebasehosting.googleapis.com/v1beta1/projects/-/sites/smart-product-comparison/versions/ca62ec515c8dc530 {"status":"FINALIZED","config":{"rewrites":[{"glob":"**","path":"/index.html"}]}}
[debug] [2026-06-23T15:40:49.379Z] <<< [apiv2][status] PATCH https://firebasehosting.googleapis.com/v1beta1/projects/-/sites/smart-product-comparison/versions/ca62ec515c8dc530 200
[debug] [2026-06-23T15:40:49.379Z] <<< [apiv2][body] PATCH https://firebasehosting.googleapis.com/v1beta1/projects/-/sites/smart-product-comparison/versions/ca62ec515c8dc530 {"name":"projects/6578035564/sites/smart-product-comparison/versions/ca62ec515c8dc530","status":"FINALIZED","config":{"rewrites":[{"glob":"**","path":"/index.html"}]},"labels":{"deployment-tool":"cli-firebase"},"createTime":"2026-06-23T15:40:34.605064Z","createUser":{"email":"mahipatil9696k@gmail.com"},"finalizeTime":"2026-06-23T15:40:49.099865Z","finalizeUser":{"email":"mahipatil9696k@gmail.com"}}
[debug] [2026-06-23T15:40:49.379Z] [hosting] finalized version for smart-product-comparison:[object Object]
[info] +  hosting[smart-product-comparison]: version finalized 
[info] i  hosting[smart-product-comparison]: releasing new version... 
[debug] [2026-06-23T15:40:49.379Z] Checked if tokens are valid: true, expires at: 1782232827963
[debug] [2026-06-23T15:40:49.379Z] Checked if tokens are valid: true, expires at: 1782232827963
[debug] [2026-06-23T15:40:49.379Z] >>> [apiv2][query] POST https://firebasehosting.googleapis.com/v1beta1/projects/-/sites/smart-product-comparison/channels/live/releases versionName=projects%2F6578035564%2Fsites%2Fsmart-product-comparison%2Fversions%2Fca62ec515c8dc530
[debug] [2026-06-23T15:40:49.379Z] >>> [apiv2][body] POST https://firebasehosting.googleapis.com/v1beta1/projects/-/sites/smart-product-comparison/channels/live/releases {}
[debug] [2026-06-23T15:40:50.652Z] <<< [apiv2][status] POST https://firebasehosting.googleapis.com/v1beta1/projects/-/sites/smart-product-comparison/channels/live/releases 200
[debug] [2026-06-23T15:40:50.653Z] <<< [apiv2][body] POST https://firebasehosting.googleapis.com/v1beta1/projects/-/sites/smart-product-comparison/channels/live/releases {"name":"projects/6578035564/sites/smart-product-comparison/channels/live/releases/1782229249681000","version":{"name":"projects/6578035564/sites/smart-product-comparison/versions/ca62ec515c8dc530","status":"FINALIZED","config":{"rewrites":[{"glob":"**","path":"/index.html"}]},"labels":{"deployment-tool":"cli-firebase"},"createTime":"2026-06-23T15:40:34.605064Z","createUser":{"email":"mahipatil9696k@gmail.com","imageUrl":"https://lh3.googleusercontent.com/a/ACg8ocJ1Y-KJf64Vi9uJdHM2yADx9dkwLSYg412hEEbGWfOrLn82rw=mo"},"finalizeTime":"2026-06-23T15:40:49.099865Z","finalizeUser":{"email":"mahipatil9696k@gmail.com","imageUrl":"https://lh3.googleusercontent.com/a/ACg8ocJ1Y-KJf64Vi9uJdHM2yADx9dkwLSYg412hEEbGWfOrLn82rw=mo"}},"type":"DEPLOY","releaseTime":"2026-06-23T15:40:49.681Z","releaseUser":{"email":"mahipatil9696k@gmail.com","imageUrl":"https://lh3.googleusercontent.com/a/ACg8ocJ1Y-KJf64Vi9uJdHM2yADx9dkwLSYg412hEEbGWfOrLn82rw=mo"}}
[debug] [2026-06-23T15:40:50.653Z] [hosting] release: {"name":"projects/6578035564/sites/smart-product-comparison/channels/live/releases/1782229249681000","version":{"name":"projects/6578035564/sites/smart-product-comparison/versions/ca62ec515c8dc530","status":"FINALIZED","config":{"rewrites":[{"glob":"**","path":"/index.html"}]},"labels":{"deployment-tool":"cli-firebase"},"createTime":"2026-06-23T15:40:34.605064Z","createUser":{"email":"mahipatil9696k@gmail.com","imageUrl":"https://lh3.googleusercontent.com/a/ACg8ocJ1Y-KJf64Vi9uJdHM2yADx9dkwLSYg412hEEbGWfOrLn82rw=mo"},"finalizeTime":"2026-06-23T15:40:49.099865Z","finalizeUser":{"email":"mahipatil9696k@gmail.com","imageUrl":"https://lh3.googleusercontent.com/a/ACg8ocJ1Y-KJf64Vi9uJdHM2yADx9dkwLSYg412hEEbGWfOrLn82rw=mo"}},"type":"DEPLOY","releaseTime":"2026-06-23T15:40:49.681Z","releaseUser":{"email":"mahipatil9696k@gmail.com","imageUrl":"https://lh3.googleusercontent.com/a/ACg8ocJ1Y-KJf64Vi9uJdHM2yADx9dkwLSYg412hEEbGWfOrLn82rw=mo"}}
[info] +  hosting[smart-product-comparison]: release complete 
[info] 
[info] +  Deploy complete! 
[info] 
[info] Project Console: https://console.firebase.google.com/project/smart-product-comparison/overview
[info] Hosting URL: https://smart-product-comparison.web.app
[debug] [2026-06-23T15:40:59.158Z] Error: Timed out.
    at Timeout.<anonymous> (C:\Users\mahes\AppData\Roaming\npm\node_modules\firebase-tools\lib\utils.js:313:49)
    at listOnTimeout (node:internal/timers:605:17)
    at process.processTimers (node:internal/timers:541:7)
[error] 
[error] Error: An unexpected error has occurred.
